Modules list:
-------------
main.o:
    CODE              Offs=000000  Size=00001E  Align=00001  Fill=0000
    RODATA            Offs=000000  Size=000000  Align=00001  Fill=0000
    BSS               Offs=000000  Size=000000  Align=00001  Fill=0000
    DATA              Offs=000000  Size=000000  Align=00001  Fill=0000
    ZEROPAGE          Offs=000000  Size=000000  Align=00001  Fill=0000
    NULL              Offs=000000  Size=000000  Align=00001  Fill=0000
display.o:
    CODE              Offs=00001E  Size=00009F  Align=00001  Fill=0000
    RODATA            Offs=000000  Size=000000  Align=00001  Fill=0000
    BSS               Offs=000000  Size=000000  Align=00001  Fill=0000
    DATA              Offs=000000  Size=0000C8  Align=00001  Fill=0000
    ZEROPAGE          Offs=000000  Size=000000  Align=00001  Fill=0000
    NULL              Offs=000000  Size=000000  Align=00001  Fill=0000
tiles.o:
    CODE              Offs=0000BD  Size=000528  Align=00001  Fill=0000
    RODATA            Offs=000000  Size=000000  Align=00001  Fill=0000
    BSS               Offs=000000  Size=000000  Align=00001  Fill=0000
    DATA              Offs=0000C8  Size=000000  Align=00001  Fill=0000
    ZEROPAGE          Offs=000000  Size=000000  Align=00001  Fill=0000
    NULL              Offs=000000  Size=000000  Align=00001  Fill=0000


Segment list:
-------------
Name                   Start     End    Size  Align
----------------------------------------------------
NULL                  000000  000000  000000  00001
ZEROPAGE              000000  000000  000000  00001
CODE                  000803  000DE7  0005E5  00001
DATA                  000DE8  000EAF  0000C8  00001
RODATA                000DE8  000DE8  000000  00001
BSS                   000EB0  000EB0  000000  00001


Exports list by name:
---------------------
ITEMS                     000CE0  LA    TILES                     0008C0 RLA    
__BSS_LOAD__              000EB0  LA    __BSS_RUN__               000EB0  LA    
__BSS_SIZE__              000000  EA    __FILETYPE__              000006  EA    
__MAIN_FILEOFFS__         000000  EA    __MAIN_LAST__             000EB0 RLA    
__MAIN_SIZE__             00B7FD  EA    __MAIN_START__            000803  LA    
draw                      000821 RLA    


Exports list by value:
----------------------
__BSS_SIZE__              000000  EA    __MAIN_FILEOFFS__         000000  EA    
__FILETYPE__              000006  EA    __MAIN_START__            000803  LA    
draw                      000821 RLA    TILES                     0008C0 RLA    
ITEMS                     000CE0  LA    __MAIN_LAST__             000EB0 RLA    
__BSS_LOAD__              000EB0  LA    __BSS_RUN__               000EB0  LA    
__MAIN_SIZE__             00B7FD  EA    


Imports list:
-------------
ITEMS (tiles.o):
TILES (tiles.o):
    display.o                 src/tiles.inc(1)
__BSS_LOAD__ ([linker generated]):
__BSS_RUN__ ([linker generated]):
__BSS_SIZE__ ([linker generated]):
__FILETYPE__ ([linker generated]):
__MAIN_FILEOFFS__ ([linker generated]):
__MAIN_LAST__ ([linker generated]):
    [linker generated]        C:\Users\bslat\Downloads\cc65-snapshot-win32\cfg/apple2-asm.cfg(13)
    [linker generated]        C:\Users\bslat\Downloads\cc65-snapshot-win32\cfg/apple2-asm.cfg(13)
__MAIN_SIZE__ ([linker generated]):
__MAIN_START__ ([linker generated]):
draw (display.o):
    main.o                    src\main.asm(4)

